/workspaces/codespaces-blank/user_etl_project/scripts/count_login.sh: line 19: ../logs/job.log: No such file or directory
grep: ../data/user_log.txt: No such file or directory
/workspaces/codespaces-blank/user_etl_project/scripts/count_login.sh: line 28: ../logs/job.log: No such file or directory
/workspaces/codespaces-blank/user_etl_project/scripts/count_login.sh: line 30: ../result/login_count.txt: No such file or directory
/workspaces/codespaces-blank/user_etl_project/scripts/count_login.sh: line 32: ../result/login_count.txt: No such file or directory
/workspaces/codespaces-blank/user_etl_project/scripts/count_login.sh: line 37: ../logs/job.log: No such file or directory
/workspaces/codespaces-blank/user_etl_project/scripts/count_login.sh: line 19: ../logs/job.log: No such file or directory
grep: ../data/user_log.txt: No such file or directory
/workspaces/codespaces-blank/user_etl_project/scripts/count_login.sh: line 28: ../logs/job.log: No such file or directory
/workspaces/codespaces-blank/user_etl_project/scripts/count_login.sh: line 30: ../result/login_count.txt: No such file or directory
/workspaces/codespaces-blank/user_etl_project/scripts/count_login.sh: line 32: ../result/login_count.txt: No such file or directory
/workspaces/codespaces-blank/user_etl_project/scripts/count_login.sh: line 37: ../logs/job.log: No such file or directory
/workspaces/codespaces-blank/user_etl_project/scripts/count_login.sh: line 19: ../logs/job.log: No such file or directory
grep: ../data/user_log.txt: No such file or directory
/workspaces/codespaces-blank/user_etl_project/scripts/count_login.sh: line 28: ../logs/job.log: No such file or directory
/workspaces/codespaces-blank/user_etl_project/scripts/count_login.sh: line 30: ../result/login_count.txt: No such file or directory
/workspaces/codespaces-blank/user_etl_project/scripts/count_login.sh: line 32: ../result/login_count.txt: No such file or directory
/workspaces/codespaces-blank/user_etl_project/scripts/count_login.sh: line 37: ../logs/job.log: No such file or directory
/workspaces/codespaces-blank/user_etl_project/scripts/count_login.sh: line 19: ../logs/job.log: No such file or directory
grep: ../data/user_log.txt: No such file or directory
/workspaces/codespaces-blank/user_etl_project/scripts/count_login.sh: line 28: ../logs/job.log: No such file or directory
/workspaces/codespaces-blank/user_etl_project/scripts/count_login.sh: line 30: ../result/login_count.txt: No such file or directory
/workspaces/codespaces-blank/user_etl_project/scripts/count_login.sh: line 32: ../result/login_count.txt: No such file or directory
/workspaces/codespaces-blank/user_etl_project/scripts/count_login.sh: line 37: ../logs/job.log: No such file or directory
/workspaces/codespaces-blank/user_etl_project/scripts/count_login.sh: line 19: ../logs/job.log: No such file or directory
grep: ../data/user_log.txt: No such file or directory
/workspaces/codespaces-blank/user_etl_project/scripts/count_login.sh: line 28: ../logs/job.log: No such file or directory
/workspaces/codespaces-blank/user_etl_project/scripts/count_login.sh: line 30: ../result/login_count.txt: No such file or directory
/workspaces/codespaces-blank/user_etl_project/scripts/count_login.sh: line 32: ../result/login_count.txt: No such file or directory
/workspaces/codespaces-blank/user_etl_project/scripts/count_login.sh: line 37: ../logs/job.log: No such file or directory
/workspaces/codespaces-blank/user_etl_project/scripts/count_login.sh: line 19: ../logs/job.log: No such file or directory
grep: ../data/user_log.txt: No such file or directory
/workspaces/codespaces-blank/user_etl_project/scripts/count_login.sh: line 28: ../logs/job.log: No such file or directory
/workspaces/codespaces-blank/user_etl_project/scripts/count_login.sh: line 30: ../result/login_count.txt: No such file or directory
/workspaces/codespaces-blank/user_etl_project/scripts/count_login.sh: line 32: ../result/login_count.txt: No such file or directory
/workspaces/codespaces-blank/user_etl_project/scripts/count_login.sh: line 37: ../logs/job.log: No such file or directory
/workspaces/codespaces-blank/user_etl_project/scripts/count_login.sh: line 19: ../logs/job.log: No such file or directory
grep: ../data/user_log.txt: No such file or directory
/workspaces/codespaces-blank/user_etl_project/scripts/count_login.sh: line 28: ../logs/job.log: No such file or directory
/workspaces/codespaces-blank/user_etl_project/scripts/count_login.sh: line 30: ../result/login_count.txt: No such file or directory
/workspaces/codespaces-blank/user_etl_project/scripts/count_login.sh: line 32: ../result/login_count.txt: No such file or directory
/workspaces/codespaces-blank/user_etl_project/scripts/count_login.sh: line 37: ../logs/job.log: No such file or directory
/workspaces/codespaces-blank/user_etl_project/scripts/count_login.sh: line 19: ../logs/job.log: No such file or directory
grep: ../data/user_log.txt: No such file or directory
/workspaces/codespaces-blank/user_etl_project/scripts/count_login.sh: line 28: ../logs/job.log: No such file or directory
/workspaces/codespaces-blank/user_etl_project/scripts/count_login.sh: line 30: ../result/login_count.txt: No such file or directory
/workspaces/codespaces-blank/user_etl_project/scripts/count_login.sh: line 32: ../result/login_count.txt: No such file or directory
/workspaces/codespaces-blank/user_etl_project/scripts/count_login.sh: line 37: ../logs/job.log: No such file or directory
/workspaces/codespaces-blank/user_etl_project/scripts/count_login.sh: line 19: ../logs/job.log: No such file or directory
grep: ../data/user_log.txt: No such file or directory
/workspaces/codespaces-blank/user_etl_project/scripts/count_login.sh: line 28: ../logs/job.log: No such file or directory
/workspaces/codespaces-blank/user_etl_project/scripts/count_login.sh: line 30: ../result/login_count.txt: No such file or directory
/workspaces/codespaces-blank/user_etl_project/scripts/count_login.sh: line 32: ../result/login_count.txt: No such file or directory
/workspaces/codespaces-blank/user_etl_project/scripts/count_login.sh: line 37: ../logs/job.log: No such file or directory
/workspaces/codespaces-blank/user_etl_project/scripts/count_login.sh: line 19: ../logs/job.log: No such file or directory
grep: ../data/user_log.txt: No such file or directory
/workspaces/codespaces-blank/user_etl_project/scripts/count_login.sh: line 28: ../logs/job.log: No such file or directory
/workspaces/codespaces-blank/user_etl_project/scripts/count_login.sh: line 30: ../result/login_count.txt: No such file or directory
/workspaces/codespaces-blank/user_etl_project/scripts/count_login.sh: line 32: ../result/login_count.txt: No such file or directory
/workspaces/codespaces-blank/user_etl_project/scripts/count_login.sh: line 37: ../logs/job.log: No such file or directory
/workspaces/codespaces-blank/user_etl_project/scripts/count_login.sh: line 19: ../logs/job.log: No such file or directory
grep: ../data/user_log.txt: No such file or directory
/workspaces/codespaces-blank/user_etl_project/scripts/count_login.sh: line 28: ../logs/job.log: No such file or directory
/workspaces/codespaces-blank/user_etl_project/scripts/count_login.sh: line 30: ../result/login_count.txt: No such file or directory
/workspaces/codespaces-blank/user_etl_project/scripts/count_login.sh: line 32: ../result/login_count.txt: No such file or directory
/workspaces/codespaces-blank/user_etl_project/scripts/count_login.sh: line 37: ../logs/job.log: No such file or directory
/workspaces/codespaces-blank/user_etl_project/scripts/count_login.sh: line 19: ../logs/job.log: No such file or directory
grep: ../data/user_log.txt: No such file or directory
/workspaces/codespaces-blank/user_etl_project/scripts/count_login.sh: line 28: ../logs/job.log: No such file or directory
/workspaces/codespaces-blank/user_etl_project/scripts/count_login.sh: line 30: ../result/login_count.txt: No such file or directory
/workspaces/codespaces-blank/user_etl_project/scripts/count_login.sh: line 32: ../result/login_count.txt: No such file or directory
/workspaces/codespaces-blank/user_etl_project/scripts/count_login.sh: line 37: ../logs/job.log: No such file or directory
/workspaces/codespaces-blank/user_etl_project/scripts/count_login.sh: line 19: ../logs/job.log: No such file or directory
grep: ../data/user_log.txt: No such file or directory
/workspaces/codespaces-blank/user_etl_project/scripts/count_login.sh: line 28: ../logs/job.log: No such file or directory
/workspaces/codespaces-blank/user_etl_project/scripts/count_login.sh: line 30: ../result/login_count.txt: No such file or directory
/workspaces/codespaces-blank/user_etl_project/scripts/count_login.sh: line 32: ../result/login_count.txt: No such file or directory
/workspaces/codespaces-blank/user_etl_project/scripts/count_login.sh: line 37: ../logs/job.log: No such file or directory
/workspaces/codespaces-blank/user_etl_project/scripts/count_login.sh: line 19: ../logs/job.log: No such file or directory
grep: ../data/user_log.txt: No such file or directory
/workspaces/codespaces-blank/user_etl_project/scripts/count_login.sh: line 28: ../logs/job.log: No such file or directory
/workspaces/codespaces-blank/user_etl_project/scripts/count_login.sh: line 30: ../result/login_count.txt: No such file or directory
/workspaces/codespaces-blank/user_etl_project/scripts/count_login.sh: line 32: ../result/login_count.txt: No such file or directory
/workspaces/codespaces-blank/user_etl_project/scripts/count_login.sh: line 37: ../logs/job.log: No such file or directory
/workspaces/codespaces-blank/user_etl_project/scripts/count_login.sh: line 19: ../logs/job.log: No such file or directory
grep: ../data/user_log.txt: No such file or directory
/workspaces/codespaces-blank/user_etl_project/scripts/count_login.sh: line 28: ../logs/job.log: No such file or directory
/workspaces/codespaces-blank/user_etl_project/scripts/count_login.sh: line 30: ../result/login_count.txt: No such file or directory
/workspaces/codespaces-blank/user_etl_project/scripts/count_login.sh: line 32: ../result/login_count.txt: No such file or directory
/workspaces/codespaces-blank/user_etl_project/scripts/count_login.sh: line 37: ../logs/job.log: No such file or directory
/workspaces/codespaces-blank/user_etl_project/scripts/count_login.sh: line 19: ../logs/job.log: No such file or directory
grep: ../data/user_log.txt: No such file or directory
/workspaces/codespaces-blank/user_etl_project/scripts/count_login.sh: line 28: ../logs/job.log: No such file or directory
/workspaces/codespaces-blank/user_etl_project/scripts/count_login.sh: line 30: ../result/login_count.txt: No such file or directory
/workspaces/codespaces-blank/user_etl_project/scripts/count_login.sh: line 32: ../result/login_count.txt: No such file or directory
/workspaces/codespaces-blank/user_etl_project/scripts/count_login.sh: line 37: ../logs/job.log: No such file or directory
/workspaces/codespaces-blank/user_etl_project/scripts/count_login.sh: line 19: ../logs/job.log: No such file or directory
grep: ../data/user_log.txt: No such file or directory
/workspaces/codespaces-blank/user_etl_project/scripts/count_login.sh: line 28: ../logs/job.log: No such file or directory
/workspaces/codespaces-blank/user_etl_project/scripts/count_login.sh: line 30: ../result/login_count.txt: No such file or directory
/workspaces/codespaces-blank/user_etl_project/scripts/count_login.sh: line 32: ../result/login_count.txt: No such file or directory
/workspaces/codespaces-blank/user_etl_project/scripts/count_login.sh: line 37: ../logs/job.log: No such file or directory
/workspaces/codespaces-blank/user_etl_project/scripts/count_login.sh: line 19: ../logs/job.log: No such file or directory
grep: ../data/user_log.txt: No such file or directory
/workspaces/codespaces-blank/user_etl_project/scripts/count_login.sh: line 28: ../logs/job.log: No such file or directory
/workspaces/codespaces-blank/user_etl_project/scripts/count_login.sh: line 30: ../result/login_count.txt: No such file or directory
/workspaces/codespaces-blank/user_etl_project/scripts/count_login.sh: line 32: ../result/login_count.txt: No such file or directory
/workspaces/codespaces-blank/user_etl_project/scripts/count_login.sh: line 37: ../logs/job.log: No such file or directory
/workspaces/codespaces-blank/user_etl_project/scripts/count_login.sh: line 19: ../logs/job.log: No such file or directory
grep: ../data/user_log.txt: No such file or directory
/workspaces/codespaces-blank/user_etl_project/scripts/count_login.sh: line 28: ../logs/job.log: No such file or directory
/workspaces/codespaces-blank/user_etl_project/scripts/count_login.sh: line 30: ../result/login_count.txt: No such file or directory
/workspaces/codespaces-blank/user_etl_project/scripts/count_login.sh: line 32: ../result/login_count.txt: No such file or directory
/workspaces/codespaces-blank/user_etl_project/scripts/count_login.sh: line 37: ../logs/job.log: No such file or directory
/workspaces/codespaces-blank/user_etl_project/scripts/count_login.sh: line 19: ../logs/job.log: No such file or directory
grep: ../data/user_log.txt: No such file or directory
/workspaces/codespaces-blank/user_etl_project/scripts/count_login.sh: line 28: ../logs/job.log: No such file or directory
/workspaces/codespaces-blank/user_etl_project/scripts/count_login.sh: line 30: ../result/login_count.txt: No such file or directory
/workspaces/codespaces-blank/user_etl_project/scripts/count_login.sh: line 32: ../result/login_count.txt: No such file or directory
/workspaces/codespaces-blank/user_etl_project/scripts/count_login.sh: line 37: ../logs/job.log: No such file or directory
/workspaces/codespaces-blank/user_etl_project/scripts/count_login.sh: line 19: ../logs/job.log: No such file or directory
grep: ../data/user_log.txt: No such file or directory
/workspaces/codespaces-blank/user_etl_project/scripts/count_login.sh: line 28: ../logs/job.log: No such file or directory
/workspaces/codespaces-blank/user_etl_project/scripts/count_login.sh: line 30: ../result/login_count.txt: No such file or directory
/workspaces/codespaces-blank/user_etl_project/scripts/count_login.sh: line 32: ../result/login_count.txt: No such file or directory
/workspaces/codespaces-blank/user_etl_project/scripts/count_login.sh: line 37: ../logs/job.log: No such file or directory
/workspaces/codespaces-blank/user_etl_project/scripts/count_login.sh: line 19: ../logs/job.log: No such file or directory
grep: ../data/user_log.txt: No such file or directory
/workspaces/codespaces-blank/user_etl_project/scripts/count_login.sh: line 28: ../logs/job.log: No such file or directory
/workspaces/codespaces-blank/user_etl_project/scripts/count_login.sh: line 30: ../result/login_count.txt: No such file or directory
/workspaces/codespaces-blank/user_etl_project/scripts/count_login.sh: line 32: ../result/login_count.txt: No such file or directory
/workspaces/codespaces-blank/user_etl_project/scripts/count_login.sh: line 37: ../logs/job.log: No such file or directory
/workspaces/codespaces-blank/user_etl_project/scripts/count_login.sh: line 19: ../logs/job.log: No such file or directory
grep: ../data/user_log.txt: No such file or directory
/workspaces/codespaces-blank/user_etl_project/scripts/count_login.sh: line 28: ../logs/job.log: No such file or directory
/workspaces/codespaces-blank/user_etl_project/scripts/count_login.sh: line 30: ../result/login_count.txt: No such file or directory
/workspaces/codespaces-blank/user_etl_project/scripts/count_login.sh: line 32: ../result/login_count.txt: No such file or directory
/workspaces/codespaces-blank/user_etl_project/scripts/count_login.sh: line 37: ../logs/job.log: No such file or directory
/workspaces/codespaces-blank/user_etl_project/scripts/count_login.sh: line 19: ../logs/job.log: No such file or directory
grep: ../data/user_log.txt: No such file or directory
/workspaces/codespaces-blank/user_etl_project/scripts/count_login.sh: line 28: ../logs/job.log: No such file or directory
/workspaces/codespaces-blank/user_etl_project/scripts/count_login.sh: line 30: ../result/login_count.txt: No such file or directory
/workspaces/codespaces-blank/user_etl_project/scripts/count_login.sh: line 32: ../result/login_count.txt: No such file or directory
/workspaces/codespaces-blank/user_etl_project/scripts/count_login.sh: line 37: ../logs/job.log: No such file or directory
/workspaces/codespaces-blank/user_etl_project/scripts/count_login.sh: line 19: ../logs/job.log: No such file or directory
grep: ../data/user_log_2026-07-14.txt: No such file or directory
/workspaces/codespaces-blank/user_etl_project/scripts/count_login.sh: line 28: ../logs/job.log: No such file or directory
/workspaces/codespaces-blank/user_etl_project/scripts/count_login.sh: line 30: ../result/login_count.txt: No such file or directory
/workspaces/codespaces-blank/user_etl_project/scripts/count_login.sh: line 32: ../result/login_count.txt: No such file or directory
/workspaces/codespaces-blank/user_etl_project/scripts/count_login.sh: line 37: ../logs/job.log: No such file or directory
/workspaces/codespaces-blank/user_etl_project/scripts/count_login.sh: line 19: ../logs/job.log: No such file or directory
grep: ../data/user_log_2026-07-14.txt: No such file or directory
/workspaces/codespaces-blank/user_etl_project/scripts/count_login.sh: line 28: ../logs/job.log: No such file or directory
/workspaces/codespaces-blank/user_etl_project/scripts/count_login.sh: line 30: ../result/login_count.txt: No such file or directory
/workspaces/codespaces-blank/user_etl_project/scripts/count_login.sh: line 32: ../result/login_count.txt: No such file or directory
/workspaces/codespaces-blank/user_etl_project/scripts/count_login.sh: line 37: ../logs/job.log: No such file or directory
/workspaces/codespaces-blank/user_etl_project/scripts/count_login.sh: line 19: ../logs/job.log: No such file or directory
grep: ../data/user_log_2026-07-14.txt: No such file or directory
/workspaces/codespaces-blank/user_etl_project/scripts/count_login.sh: line 28: ../logs/job.log: No such file or directory
/workspaces/codespaces-blank/user_etl_project/scripts/count_login.sh: line 30: ../result/login_count.txt: No such file or directory
/workspaces/codespaces-blank/user_etl_project/scripts/count_login.sh: line 32: ../result/login_count.txt: No such file or directory
/workspaces/codespaces-blank/user_etl_project/scripts/count_login.sh: line 37: ../logs/job.log: No such file or directory
/workspaces/codespaces-blank/user_etl_project/scripts/count_login.sh: line 19: ../logs/job.log: No such file or directory
grep: ../data/user_log_2026-07-14.txt: No such file or directory
/workspaces/codespaces-blank/user_etl_project/scripts/count_login.sh: line 28: ../logs/job.log: No such file or directory
/workspaces/codespaces-blank/user_etl_project/scripts/count_login.sh: line 30: ../result/login_count.txt: No such file or directory
/workspaces/codespaces-blank/user_etl_project/scripts/count_login.sh: line 32: ../result/login_count.txt: No such file or directory
/workspaces/codespaces-blank/user_etl_project/scripts/count_login.sh: line 37: ../logs/job.log: No such file or directory
/workspaces/codespaces-blank/user_etl_project/scripts/count_login.sh: line 19: ../logs/job.log: No such file or directory
grep: ../data/user_log_2026-07-14.txt: No such file or directory
/workspaces/codespaces-blank/user_etl_project/scripts/count_login.sh: line 28: ../logs/job.log: No such file or directory
/workspaces/codespaces-blank/user_etl_project/scripts/count_login.sh: line 30: ../result/login_count.txt: No such file or directory
/workspaces/codespaces-blank/user_etl_project/scripts/count_login.sh: line 32: ../result/login_count.txt: No such file or directory
/workspaces/codespaces-blank/user_etl_project/scripts/count_login.sh: line 37: ../logs/job.log: No such file or directory
/workspaces/codespaces-blank/user_etl_project/scripts/count_login.sh: line 19: ../logs/job.log: No such file or directory
grep: ../data/user_log_2026-07-14.txt: No such file or directory
/workspaces/codespaces-blank/user_etl_project/scripts/count_login.sh: line 28: ../logs/job.log: No such file or directory
/workspaces/codespaces-blank/user_etl_project/scripts/count_login.sh: line 30: ../result/login_count.txt: No such file or directory
/workspaces/codespaces-blank/user_etl_project/scripts/count_login.sh: line 32: ../result/login_count.txt: No such file or directory
/workspaces/codespaces-blank/user_etl_project/scripts/count_login.sh: line 37: ../logs/job.log: No such file or directory
/workspaces/codespaces-blank/user_etl_project/scripts/count_login.sh: line 19: ../logs/job.log: No such file or directory
grep: ../data/user_log_2026-07-14.txt: No such file or directory
/workspaces/codespaces-blank/user_etl_project/scripts/count_login.sh: line 28: ../logs/job.log: No such file or directory
/workspaces/codespaces-blank/user_etl_project/scripts/count_login.sh: line 30: ../result/login_count.txt: No such file or directory
/workspaces/codespaces-blank/user_etl_project/scripts/count_login.sh: line 32: ../result/login_count.txt: No such file or directory
/workspaces/codespaces-blank/user_etl_project/scripts/count_login.sh: line 37: ../logs/job.log: No such file or directory
/workspaces/codespaces-blank/user_etl_project/scripts/count_login.sh: line 24: ../logs/job.log: No such file or directory
/workspaces/codespaces-blank/user_etl_project/scripts/count_login.sh: line 24: ../logs/job.log: No such file or directory
/workspaces/codespaces-blank/user_etl_project/scripts/count_login.sh: line 24: ../logs/job.log: No such file or directory
/workspaces/codespaces-blank/user_etl_project/scripts/count_login.sh: line 24: ../logs/job.log: No such file or directory
/workspaces/codespaces-blank/user_etl_project/scripts/count_login.sh: line 24: ../logs/job.log: No such file or directory
/workspaces/codespaces-blank/user_etl_project/scripts/count_login.sh: line 24: ../logs/job.log: No such file or directory
/workspaces/codespaces-blank/user_etl_project/scripts/count_login.sh: line 24: ../logs/job.log: No such file or directory
/workspaces/codespaces-blank/user_etl_project/scripts/count_login.sh: line 24: ../logs/job.log: No such file or directory
/workspaces/codespaces-blank/user_etl_project/scripts/count_login.sh: line 24: ../logs/job.log: No such file or directory
/workspaces/codespaces-blank/user_etl_project/scripts/count_login.sh: line 24: ../logs/job.log: No such file or directory
/workspaces/codespaces-blank/user_etl_project/scripts/count_login.sh: line 24: ../logs/job.log: No such file or directory
/workspaces/codespaces-blank/user_etl_project/scripts/count_login.sh: line 24: ../logs/job.log: No such file or directory
/workspaces/codespaces-blank/user_etl_project/scripts/count_login.sh: line 24: ../logs/job.log: No such file or directory
/workspaces/codespaces-blank/user_etl_project/scripts/count_login.sh: line 24: ../logs/job.log: No such file or directory
/workspaces/codespaces-blank/user_etl_project/scripts/count_login.sh: line 24: ../logs/job.log: No such file or directory
/workspaces/codespaces-blank/user_etl_project/scripts/count_login.sh: line 24: ../logs/job.log: No such file or directory
/workspaces/codespaces-blank/user_etl_project/scripts/count_login.sh: line 24: ../logs/job.log: No such file or directory
/workspaces/codespaces-blank/user_etl_project/scripts/count_login.sh: line 24: ../logs/job.log: No such file or directory
/workspaces/codespaces-blank/user_etl_project/scripts/count_login.sh: line 24: ../logs/job.log: No such file or directory
/workspaces/codespaces-blank/user_etl_project/scripts/count_login.sh: line 24: ../logs/job.log: No such file or directory
/workspaces/codespaces-blank/user_etl_project/scripts/count_login.sh: line 24: ../logs/job.log: No such file or directory
/workspaces/codespaces-blank/user_etl_project/scripts/count_login.sh: line 24: ../logs/job.log: No such file or directory
/workspaces/codespaces-blank/user_etl_project/scripts/count_login.sh: line 24: ../logs/job.log: No such file or directory
/workspaces/codespaces-blank/user_etl_project/scripts/count_login.sh: line 24: ../logs/job.log: No such file or directory
/workspaces/codespaces-blank/user_etl_project/scripts/count_login.sh: line 24: ../logs/job.log: No such file or directory
/workspaces/codespaces-blank/user_etl_project/scripts/count_login.sh: line 24: ../logs/job.log: No such file or directory
/workspaces/codespaces-blank/user_etl_project/scripts/count_login.sh: line 24: ../logs/job.log: No such file or directory
/workspaces/codespaces-blank/user_etl_project/scripts/count_login.sh: line 24: ../logs/job.log: No such file or directory
/workspaces/codespaces-blank/user_etl_project/scripts/count_login.sh: line 24: ../logs/job.log: No such file or directory
/workspaces/codespaces-blank/user_etl_project/scripts/count_login.sh: line 24: ../logs/job.log: No such file or directory
/workspaces/codespaces-blank/user_etl_project/scripts/count_login.sh: line 24: ../logs/job.log: No such file or directory
/workspaces/codespaces-blank/user_etl_project/scripts/count_login.sh: line 24: ../logs/job.log: No such file or directory
/workspaces/codespaces-blank/user_etl_project/scripts/count_login.sh: line 24: ../logs/job.log: No such file or directory
/workspaces/codespaces-blank/user_etl_project/scripts/count_login.sh: line 24: ../logs/job.log: No such file or directory
/workspaces/codespaces-blank/user_etl_project/scripts/count_login.sh: line 24: ../logs/job.log: No such file or directory
/workspaces/codespaces-blank/user_etl_project/scripts/count_login.sh: line 24: ../logs/job.log: No such file or directory
/workspaces/codespaces-blank/user_etl_project/scripts/count_login.sh: line 24: ../logs/job.log: No such file or directory
/workspaces/codespaces-blank/user_etl_project/scripts/count_login.sh: line 24: ../logs/job.log: No such file or directory
/workspaces/codespaces-blank/user_etl_project/scripts/count_login.sh: line 24: ../logs/job.log: No such file or directory
/workspaces/codespaces-blank/user_etl_project/scripts/count_login.sh: line 24: ../logs/job.log: No such file or directory
/workspaces/codespaces-blank/user_etl_project/scripts/count_login.sh: line 24: ../logs/job.log: No such file or directory
/workspaces/codespaces-blank/user_etl_project/scripts/count_login.sh: line 24: ../logs/job.log: No such file or directory
/workspaces/codespaces-blank/user_etl_project/scripts/count_login.sh: line 24: ../logs/job.log: No such file or directory
/workspaces/codespaces-blank/user_etl_project/scripts/count_login.sh: line 24: ../logs/job.log: No such file or directory
/workspaces/codespaces-blank/user_etl_project/scripts/count_login.sh: line 24: ../logs/job.log: No such file or directory
/workspaces/codespaces-blank/user_etl_project/scripts/count_login.sh: line 24: ../logs/job.log: No such file or directory
/workspaces/codespaces-blank/user_etl_project/scripts/count_login.sh: line 24: ../logs/job.log: No such file or directory
/workspaces/codespaces-blank/user_etl_project/scripts/count_login.sh: line 24: ../logs/job.log: No such file or directory
2026-08-09 daily ETL start
2026-08-09 daily ETL finish
2026-08-09 daily ETL start
2026-08-09 daily ETL finish
2026-08-09 daily ETL start
2026-08-09 daily ETL finish
2026-08-09 daily ETL start
2026-08-09 daily ETL finish
2026-08-09 daily ETL start
2026-08-09 daily ETL finish
2026-08-09 daily ETL start
2026-08-09 daily ETL finish
2026-08-10 daily ETL start
2026-08-10 daily ETL finish
2026-08-10 daily ETL start
2026-08-10 daily ETL finish
2026-08-14 03:47:03 ==========================================
2026-08-14 03:47:03 2026-08-14 daily Hive ETL start
2026-08-14 03:47:03 2026-08-14 generating DWD data
2026-08-14 03:47:03 2026-08-14 cleaning Hive DWD partition
2026-08-14 03:47:07 2026-08-14 DWD partition cleanup failed
2026-08-14 04:29:47 ==========================================
2026-08-14 04:29:47 2026-08-14 daily Hive ETL start
2026-08-14 04:29:47 2026-08-14 generating DWD data
2026-08-14 04:29:47 2026-08-14 cleaning Hive DWD partition
2026-08-14 04:29:52 2026-08-14 copying DWD data to Hive container
2026-08-14 04:29:52 2026-08-14 loading data into Hive DWD
2026-08-14 04:29:57 2026-08-14 starting DWS
2026-08-14 04:30:11 2026-08-14 starting ADS
2026-08-14 04:30:22 2026-08-14 daily Hive ETL finish
2026-08-14 04:40:59 ==========================================
2026-08-14 04:40:59 2026-08-14 daily Hive ETL start
2026-08-14 04:40:59 2026-08-14 generating DWD data
2026-08-14 04:40:59 2026-08-14 cleaning Hive DWD partition
2026-08-14 04:41:04 2026-08-14 copying DWD data to Hive container
2026-08-14 04:41:04 2026-08-14 loading data into Hive DWD
2026-08-14 04:41:08 2026-08-14 starting DWS
2026-08-14 04:41:16 2026-08-14 starting ADS
2026-08-14 04:41:24 2026-08-14 daily Hive ETL finish
